  Determining projects to restore...
  All projects are up-to-date for restore.
C:\Program Files\dotnet\sdk\9.0.200-preview.0.25057.12\Sdks\Microsoft.NET.Sdk\targets\Microsoft.NET.RuntimeIdentifierInference.targets(326,5): message NETSDK1057: You are using a preview version of .NET. See: https://aka.ms/dotnet-support-policy [C:\Users\Baxtiyar\Desktop\gunaybeauty-backend\SmartTeam.Application\SmartTeam.Application.csproj]
  SmartTeam.Domain -> C:\Users\Baxtiyar\Desktop\gunaybeauty-backend\SmartTeam.Domain\bin\Debug\net8.0\SmartTeam.Domain.dll
C:\Users\Baxtiyar\Desktop\gunaybeauty-backend\SmartTeam.Application\Services\DownloadableFileService.cs(74,40): warning CS8603: Possible null reference return. [C:\Users\Baxtiyar\Desktop\gunaybeauty-backend\SmartTeam.Application\SmartTeam.Application.csproj]
C:\Users\Baxtiyar\Desktop\gunaybeauty-backend\SmartTeam.Application\Services\DownloadableFileService.cs(84,40): warning CS8603: Possible null reference return. [C:\Users\Baxtiyar\Desktop\gunaybeauty-backend\SmartTeam.Application\SmartTeam.Application.csproj]
C:\Users\Baxtiyar\Desktop\gunaybeauty-backend\SmartTeam.Application\Services\DownloadableFileService.cs(97,44): warning CS8603: Possible null reference return. [C:\Users\Baxtiyar\Desktop\gunaybeauty-backend\SmartTeam.Application\SmartTeam.Application.csproj]
C:\Users\Baxtiyar\Desktop\gunaybeauty-backend\SmartTeam.Application\Services\AuthService.cs(276,29): warning CS1998: This async method lacks 'await' operators and will run synchronously. Consider using the 'await' operator to await non-blocking API calls, or 'await Task.Run(...)' to do CPU-bound work on a background thread. [C:\Users\Baxtiyar\Desktop\gunaybeauty-backend\SmartTeam.Application\SmartTeam.Application.csproj]
C:\Users\Baxtiyar\Desktop\gunaybeauty-backend\SmartTeam.Application\Services\InstallmentService.cs(36,14): error CS1061: 'IRepository<InstallmentOption>' does not contain a definition for 'Where' and no accessible extension method 'Where' accepting a first argument of type 'IRepository<InstallmentOption>' could be found (are you missing a using directive or an assembly reference?) [C:\Users\Baxtiyar\Desktop\gunaybeauty-backend\SmartTeam.Application\SmartTeam.Application.csproj]
C:\Users\Baxtiyar\Desktop\gunaybeauty-backend\SmartTeam.Application\Services\InstallmentService.cs(58,16): warning CS8619: Nullability of reference types in value of type '?' doesn't match target type 'List<InstallmentOptionDto>'. [C:\Users\Baxtiyar\Desktop\gunaybeauty-backend\SmartTeam.Application\SmartTeam.Application.csproj]
C:\Users\Baxtiyar\Desktop\gunaybeauty-backend\SmartTeam.Application\Services\FilterService.cs(40,45): warning CS1998: This async method lacks 'await' operators and will run synchronously. Consider using the 'await' operator to await non-blocking API calls, or 'await Task.Run(...)' to do CPU-bound work on a background thread. [C:\Users\Baxtiyar\Desktop\gunaybeauty-backend\SmartTeam.Application\SmartTeam.Application.csproj]
C:\Users\Baxtiyar\Desktop\gunaybeauty-backend\SmartTeam.Application\Services\InstallmentService.cs(127,14): error CS1061: 'IRepository<InstallmentOption>' does not contain a definition for 'OrderBy' and no accessible extension method 'OrderBy' accepting a first argument of type 'IRepository<InstallmentOption>' could be found (are you missing a using directive or an assembly reference?) [C:\Users\Baxtiyar\Desktop\gunaybeauty-backend\SmartTeam.Application\SmartTeam.Application.csproj]
C:\Users\Baxtiyar\Desktop\gunaybeauty-backend\SmartTeam.Application\Services\ProductService.cs(132,110): warning CS8603: Possible null reference return. [C:\Users\Baxtiyar\Desktop\gunaybeauty-backend\SmartTeam.Application\SmartTeam.Application.csproj]
C:\Users\Baxtiyar\Desktop\gunaybeauty-backend\SmartTeam.Application\Services\InstallmentService.cs(221,53): error CS1061: 'IRepository<InstallmentOption>' does not contain a definition for 'Delete' and no accessible extension method 'Delete' accepting a first argument of type 'IRepository<InstallmentOption>' could be found (are you missing a using directive or an assembly reference?) [C:\Users\Baxtiyar\Desktop\gunaybeauty-backend\SmartTeam.Application\SmartTeam.Application.csproj]
C:\Users\Baxtiyar\Desktop\gunaybeauty-backend\SmartTeam.Application\Services\ProductService.cs(184,129): warning CS8603: Possible null reference return. [C:\Users\Baxtiyar\Desktop\gunaybeauty-backend\SmartTeam.Application\SmartTeam.Application.csproj]
C:\Users\Baxtiyar\Desktop\gunaybeauty-backend\SmartTeam.Application\Services\ProductPdfService.cs(93,56): warning CS8603: Possible null reference return. [C:\Users\Baxtiyar\Desktop\gunaybeauty-backend\SmartTeam.Application\SmartTeam.Application.csproj]
C:\Users\Baxtiyar\Desktop\gunaybeauty-backend\SmartTeam.Application\Services\FilterService.cs(305,22): warning CS8603: Possible null reference return. [C:\Users\Baxtiyar\Desktop\gunaybeauty-backend\SmartTeam.Application\SmartTeam.Application.csproj]
C:\Users\Baxtiyar\Desktop\gunaybeauty-backend\SmartTeam.Application\Services\InstallmentService.cs(263,14): error CS7036: There is no argument given that corresponds to the required parameter 'predicate' of 'IRepository<InstallmentConfiguration>.FirstOrDefaultAsync(Expression<Func<InstallmentConfiguration, bool>>, CancellationToken)' [C:\Users\Baxtiyar\Desktop\gunaybeauty-backend\SmartTeam.Application\SmartTeam.Application.csproj]
C:\Users\Baxtiyar\Desktop\gunaybeauty-backend\SmartTeam.Application\Services\InstallmentService.cs(280,16): warning CS8619: Nullability of reference types in value of type '?' doesn't match target type 'InstallmentConfiguration'. [C:\Users\Baxtiyar\Desktop\gunaybeauty-backend\SmartTeam.Application\SmartTeam.Application.csproj]
C:\Users\Baxtiyar\Desktop\gunaybeauty-backend\SmartTeam.Application\Services\ProductPdfService.cs(104,60): warning CS8603: Possible null reference return. [C:\Users\Baxtiyar\Desktop\gunaybeauty-backend\SmartTeam.Application\SmartTeam.Application.csproj]
C:\Users\Baxtiyar\Desktop\gunaybeauty-backend\SmartTeam.Application\Services\ProductPdfService.cs(114,56): warning CS8603: Possible null reference return. [C:\Users\Baxtiyar\Desktop\gunaybeauty-backend\SmartTeam.Application\SmartTeam.Application.csproj]
C:\Users\Baxtiyar\Desktop\gunaybeauty-backend\SmartTeam.Application\Services\DownloadableFileService.cs(354,44): warning CS8603: Possible null reference return. [C:\Users\Baxtiyar\Desktop\gunaybeauty-backend\SmartTeam.Application\SmartTeam.Application.csproj]
C:\Users\Baxtiyar\Desktop\gunaybeauty-backend\SmartTeam.Application\Services\ProductService.cs(224,118): warning CS8603: Possible null reference return. [C:\Users\Baxtiyar\Desktop\gunaybeauty-backend\SmartTeam.Application\SmartTeam.Application.csproj]
C:\Users\Baxtiyar\Desktop\gunaybeauty-backend\SmartTeam.Application\Services\FilterService.cs(374,18): warning CS8603: Possible null reference return. [C:\Users\Baxtiyar\Desktop\gunaybeauty-backend\SmartTeam.Application\SmartTeam.Application.csproj]
C:\Users\Baxtiyar\Desktop\gunaybeauty-backend\SmartTeam.Application\Services\ProductPdfService.cs(127,60): warning CS8603: Possible null reference return. [C:\Users\Baxtiyar\Desktop\gunaybeauty-backend\SmartTeam.Application\SmartTeam.Application.csproj]
C:\Users\Baxtiyar\Desktop\gunaybeauty-backend\SmartTeam.Application\Services\ProductService.cs(359,73): warning CS8603: Possible null reference return. [C:\Users\Baxtiyar\Desktop\gunaybeauty-backend\SmartTeam.Application\SmartTeam.Application.csproj]
C:\Users\Baxtiyar\Desktop\gunaybeauty-backend\SmartTeam.Application\Services\ProductService.cs(473,65): warning CS8603: Possible null reference return. [C:\Users\Baxtiyar\Desktop\gunaybeauty-backend\SmartTeam.Application\SmartTeam.Application.csproj]
C:\Users\Baxtiyar\Desktop\gunaybeauty-backend\SmartTeam.Application\Services\ProductService.cs(656,65): warning CS8603: Possible null reference return. [C:\Users\Baxtiyar\Desktop\gunaybeauty-backend\SmartTeam.Application\SmartTeam.Application.csproj]
C:\Users\Baxtiyar\Desktop\gunaybeauty-backend\SmartTeam.Application\Services\ProductService.cs(935,64): warning CS8604: Possible null reference argument for parameter 'filePath' in 'Task<bool> IFileUploadService.DeleteFileAsync(string filePath)'. [C:\Users\Baxtiyar\Desktop\gunaybeauty-backend\SmartTeam.Application\SmartTeam.Application.csproj]
C:\Users\Baxtiyar\Desktop\gunaybeauty-backend\SmartTeam.Application\Services\ProductService.cs(1543,122): warning CS8603: Possible null reference return. [C:\Users\Baxtiyar\Desktop\gunaybeauty-backend\SmartTeam.Application\SmartTeam.Application.csproj]
C:\Users\Baxtiyar\Desktop\gunaybeauty-backend\SmartTeam.Application\Services\ProductService.cs(1622,73): warning CS8629: Nullable value type may be null. [C:\Users\Baxtiyar\Desktop\gunaybeauty-backend\SmartTeam.Application\SmartTeam.Application.csproj]
C:\Users\Baxtiyar\Desktop\gunaybeauty-backend\SmartTeam.Application\Services\ProductService.cs(1623,73): warning CS8629: Nullable value type may be null. [C:\Users\Baxtiyar\Desktop\gunaybeauty-backend\SmartTeam.Application\SmartTeam.Application.csproj]
C:\Users\Baxtiyar\Desktop\gunaybeauty-backend\SmartTeam.Application\Services\ProductService.cs(1742,49): warning CS8604: Possible null reference argument for parameter 'value' in 'bool string.Contains(string value)'. [C:\Users\Baxtiyar\Desktop\gunaybeauty-backend\SmartTeam.Application\SmartTeam.Application.csproj]
C:\Users\Baxtiyar\Desktop\gunaybeauty-backend\SmartTeam.Application\Services\ProductService.cs(2586,110): warning CS8603: Possible null reference return. [C:\Users\Baxtiyar\Desktop\gunaybeauty-backend\SmartTeam.Application\SmartTeam.Application.csproj]
C:\Users\Baxtiyar\Desktop\gunaybeauty-backend\SmartTeam.Application\Services\ProductService.cs(2658,110): warning CS8603: Possible null reference return. [C:\Users\Baxtiyar\Desktop\gunaybeauty-backend\SmartTeam.Application\SmartTeam.Application.csproj]
C:\Users\Baxtiyar\Desktop\gunaybeauty-backend\SmartTeam.Application\Services\ProductService.cs(2754,110): warning CS8603: Possible null reference return. [C:\Users\Baxtiyar\Desktop\gunaybeauty-backend\SmartTeam.Application\SmartTeam.Application.csproj]
C:\Users\Baxtiyar\Desktop\gunaybeauty-backend\SmartTeam.Application\Services\ProductService.cs(2812,110): warning CS8603: Possible null reference return. [C:\Users\Baxtiyar\Desktop\gunaybeauty-backend\SmartTeam.Application\SmartTeam.Application.csproj]
C:\Users\Baxtiyar\Desktop\gunaybeauty-backend\SmartTeam.Application\Services\ProductService.cs(2863,110): warning CS8603: Possible null reference return. [C:\Users\Baxtiyar\Desktop\gunaybeauty-backend\SmartTeam.Application\SmartTeam.Application.csproj]

Build FAILED.

C:\Users\Baxtiyar\Desktop\gunaybeauty-backend\SmartTeam.Application\Services\DownloadableFileService.cs(74,40): warning CS8603: Possible null reference return. [C:\Users\Baxtiyar\Desktop\gunaybeauty-backend\SmartTeam.Application\SmartTeam.Application.csproj]
C:\Users\Baxtiyar\Desktop\gunaybeauty-backend\SmartTeam.Application\Services\DownloadableFileService.cs(84,40): warning CS8603: Possible null reference return. [C:\Users\Baxtiyar\Desktop\gunaybeauty-backend\SmartTeam.Application\SmartTeam.Application.csproj]
C:\Users\Baxtiyar\Desktop\gunaybeauty-backend\SmartTeam.Application\Services\DownloadableFileService.cs(97,44): warning CS8603: Possible null reference return. [C:\Users\Baxtiyar\Desktop\gunaybeauty-backend\SmartTeam.Application\SmartTeam.Application.csproj]
C:\Users\Baxtiyar\Desktop\gunaybeauty-backend\SmartTeam.Application\Services\AuthService.cs(276,29): warning CS1998: This async method lacks 'await' operators and will run synchronously. Consider using the 'await' operator to await non-blocking API calls, or 'await Task.Run(...)' to do CPU-bound work on a background thread. [C:\Users\Baxtiyar\Desktop\gunaybeauty-backend\SmartTeam.Application\SmartTeam.Application.csproj]
C:\Users\Baxtiyar\Desktop\gunaybeauty-backend\SmartTeam.Application\Services\InstallmentService.cs(58,16): warning CS8619: Nullability of reference types in value of type '?' doesn't match target type 'List<InstallmentOptionDto>'. [C:\Users\Baxtiyar\Desktop\gunaybeauty-backend\SmartTeam.Application\SmartTeam.Application.csproj]
C:\Users\Baxtiyar\Desktop\gunaybeauty-backend\SmartTeam.Application\Services\FilterService.cs(40,45): warning CS1998: This async method lacks 'await' operators and will run synchronously. Consider using the 'await' operator to await non-blocking API calls, or 'await Task.Run(...)' to do CPU-bound work on a background thread. [C:\Users\Baxtiyar\Desktop\gunaybeauty-backend\SmartTeam.Application\SmartTeam.Application.csproj]
C:\Users\Baxtiyar\Desktop\gunaybeauty-backend\SmartTeam.Application\Services\ProductService.cs(132,110): warning CS8603: Possible null reference return. [C:\Users\Baxtiyar\Desktop\gunaybeauty-backend\SmartTeam.Application\SmartTeam.Application.csproj]
C:\Users\Baxtiyar\Desktop\gunaybeauty-backend\SmartTeam.Application\Services\ProductService.cs(184,129): warning CS8603: Possible null reference return. [C:\Users\Baxtiyar\Desktop\gunaybeauty-backend\SmartTeam.Application\SmartTeam.Application.csproj]
C:\Users\Baxtiyar\Desktop\gunaybeauty-backend\SmartTeam.Application\Services\ProductPdfService.cs(93,56): warning CS8603: Possible null reference return. [C:\Users\Baxtiyar\Desktop\gunaybeauty-backend\SmartTeam.Application\SmartTeam.Application.csproj]
C:\Users\Baxtiyar\Desktop\gunaybeauty-backend\SmartTeam.Application\Services\FilterService.cs(305,22): warning CS8603: Possible null reference return. [C:\Users\Baxtiyar\Desktop\gunaybeauty-backend\SmartTeam.Application\SmartTeam.Application.csproj]
C:\Users\Baxtiyar\Desktop\gunaybeauty-backend\SmartTeam.Application\Services\InstallmentService.cs(280,16): warning CS8619: Nullability of reference types in value of type '?' doesn't match target type 'InstallmentConfiguration'. [C:\Users\Baxtiyar\Desktop\gunaybeauty-backend\SmartTeam.Application\SmartTeam.Application.csproj]
C:\Users\Baxtiyar\Desktop\gunaybeauty-backend\SmartTeam.Application\Services\ProductPdfService.cs(104,60): warning CS8603: Possible null reference return. [C:\Users\Baxtiyar\Desktop\gunaybeauty-backend\SmartTeam.Application\SmartTeam.Application.csproj]
C:\Users\Baxtiyar\Desktop\gunaybeauty-backend\SmartTeam.Application\Services\ProductPdfService.cs(114,56): warning CS8603: Possible null reference return. [C:\Users\Baxtiyar\Desktop\gunaybeauty-backend\SmartTeam.Application\SmartTeam.Application.csproj]
C:\Users\Baxtiyar\Desktop\gunaybeauty-backend\SmartTeam.Application\Services\DownloadableFileService.cs(354,44): warning CS8603: Possible null reference return. [C:\Users\Baxtiyar\Desktop\gunaybeauty-backend\SmartTeam.Application\SmartTeam.Application.csproj]
C:\Users\Baxtiyar\Desktop\gunaybeauty-backend\SmartTeam.Application\Services\ProductService.cs(224,118): warning CS8603: Possible null reference return. [C:\Users\Baxtiyar\Desktop\gunaybeauty-backend\SmartTeam.Application\SmartTeam.Application.csproj]
C:\Users\Baxtiyar\Desktop\gunaybeauty-backend\SmartTeam.Application\Services\FilterService.cs(374,18): warning CS8603: Possible null reference return. [C:\Users\Baxtiyar\Desktop\gunaybeauty-backend\SmartTeam.Application\SmartTeam.Application.csproj]
C:\Users\Baxtiyar\Desktop\gunaybeauty-backend\SmartTeam.Application\Services\ProductPdfService.cs(127,60): warning CS8603: Possible null reference return. [C:\Users\Baxtiyar\Desktop\gunaybeauty-backend\SmartTeam.Application\SmartTeam.Application.csproj]
C:\Users\Baxtiyar\Desktop\gunaybeauty-backend\SmartTeam.Application\Services\ProductService.cs(359,73): warning CS8603: Possible null reference return. [C:\Users\Baxtiyar\Desktop\gunaybeauty-backend\SmartTeam.Application\SmartTeam.Application.csproj]
C:\Users\Baxtiyar\Desktop\gunaybeauty-backend\SmartTeam.Application\Services\ProductService.cs(473,65): warning CS8603: Possible null reference return. [C:\Users\Baxtiyar\Desktop\gunaybeauty-backend\SmartTeam.Application\SmartTeam.Application.csproj]
C:\Users\Baxtiyar\Desktop\gunaybeauty-backend\SmartTeam.Application\Services\ProductService.cs(656,65): warning CS8603: Possible null reference return. [C:\Users\Baxtiyar\Desktop\gunaybeauty-backend\SmartTeam.Application\SmartTeam.Application.csproj]
C:\Users\Baxtiyar\Desktop\gunaybeauty-backend\SmartTeam.Application\Services\ProductService.cs(935,64): warning CS8604: Possible null reference argument for parameter 'filePath' in 'Task<bool> IFileUploadService.DeleteFileAsync(string filePath)'. [C:\Users\Baxtiyar\Desktop\gunaybeauty-backend\SmartTeam.Application\SmartTeam.Application.csproj]
C:\Users\Baxtiyar\Desktop\gunaybeauty-backend\SmartTeam.Application\Services\ProductService.cs(1543,122): warning CS8603: Possible null reference return. [C:\Users\Baxtiyar\Desktop\gunaybeauty-backend\SmartTeam.Application\SmartTeam.Application.csproj]
C:\Users\Baxtiyar\Desktop\gunaybeauty-backend\SmartTeam.Application\Services\ProductService.cs(1622,73): warning CS8629: Nullable value type may be null. [C:\Users\Baxtiyar\Desktop\gunaybeauty-backend\SmartTeam.Application\SmartTeam.Application.csproj]
C:\Users\Baxtiyar\Desktop\gunaybeauty-backend\SmartTeam.Application\Services\ProductService.cs(1623,73): warning CS8629: Nullable value type may be null. [C:\Users\Baxtiyar\Desktop\gunaybeauty-backend\SmartTeam.Application\SmartTeam.Application.csproj]
C:\Users\Baxtiyar\Desktop\gunaybeauty-backend\SmartTeam.Application\Services\ProductService.cs(1742,49): warning CS8604: Possible null reference argument for parameter 'value' in 'bool string.Contains(string value)'. [C:\Users\Baxtiyar\Desktop\gunaybeauty-backend\SmartTeam.Application\SmartTeam.Application.csproj]
C:\Users\Baxtiyar\Desktop\gunaybeauty-backend\SmartTeam.Application\Services\ProductService.cs(2586,110): warning CS8603: Possible null reference return. [C:\Users\Baxtiyar\Desktop\gunaybeauty-backend\SmartTeam.Application\SmartTeam.Application.csproj]
C:\Users\Baxtiyar\Desktop\gunaybeauty-backend\SmartTeam.Application\Services\ProductService.cs(2658,110): warning CS8603: Possible null reference return. [C:\Users\Baxtiyar\Desktop\gunaybeauty-backend\SmartTeam.Application\SmartTeam.Application.csproj]
C:\Users\Baxtiyar\Desktop\gunaybeauty-backend\SmartTeam.Application\Services\ProductService.cs(2754,110): warning CS8603: Possible null reference return. [C:\Users\Baxtiyar\Desktop\gunaybeauty-backend\SmartTeam.Application\SmartTeam.Application.csproj]
C:\Users\Baxtiyar\Desktop\gunaybeauty-backend\SmartTeam.Application\Services\ProductService.cs(2812,110): warning CS8603: Possible null reference return. [C:\Users\Baxtiyar\Desktop\gunaybeauty-backend\SmartTeam.Application\SmartTeam.Application.csproj]
C:\Users\Baxtiyar\Desktop\gunaybeauty-backend\SmartTeam.Application\Services\ProductService.cs(2863,110): warning CS8603: Possible null reference return. [C:\Users\Baxtiyar\Desktop\gunaybeauty-backend\SmartTeam.Application\SmartTeam.Application.csproj]
C:\Users\Baxtiyar\Desktop\gunaybeauty-backend\SmartTeam.Application\Services\InstallmentService.cs(36,14): error CS1061: 'IRepository<InstallmentOption>' does not contain a definition for 'Where' and no accessible extension method 'Where' accepting a first argument of type 'IRepository<InstallmentOption>' could be found (are you missing a using directive or an assembly reference?) [C:\Users\Baxtiyar\Desktop\gunaybeauty-backend\SmartTeam.Application\SmartTeam.Application.csproj]
C:\Users\Baxtiyar\Desktop\gunaybeauty-backend\SmartTeam.Application\Services\InstallmentService.cs(127,14): error CS1061: 'IRepository<InstallmentOption>' does not contain a definition for 'OrderBy' and no accessible extension method 'OrderBy' accepting a first argument of type 'IRepository<InstallmentOption>' could be found (are you missing a using directive or an assembly reference?) [C:\Users\Baxtiyar\Desktop\gunaybeauty-backend\SmartTeam.Application\SmartTeam.Application.csproj]
C:\Users\Baxtiyar\Desktop\gunaybeauty-backend\SmartTeam.Application\Services\InstallmentService.cs(221,53): error CS1061: 'IRepository<InstallmentOption>' does not contain a definition for 'Delete' and no accessible extension method 'Delete' accepting a first argument of type 'IRepository<InstallmentOption>' could be found (are you missing a using directive or an assembly reference?) [C:\Users\Baxtiyar\Desktop\gunaybeauty-backend\SmartTeam.Application\SmartTeam.Application.csproj]
C:\Users\Baxtiyar\Desktop\gunaybeauty-backend\SmartTeam.Application\Services\InstallmentService.cs(263,14): error CS7036: There is no argument given that corresponds to the required parameter 'predicate' of 'IRepository<InstallmentConfiguration>.FirstOrDefaultAsync(Expression<Func<InstallmentConfiguration, bool>>, CancellationToken)' [C:\Users\Baxtiyar\Desktop\gunaybeauty-backend\SmartTeam.Application\SmartTeam.Application.csproj]
    30 Warning(s)
    4 Error(s)

Time Elapsed 00:00:01.15
